// Vitest Snapshot v1, https://vitest.dev/guide/snapshot.html

exports[`RTL snapshot tests (Urdu) > DashboardPage snapshot 1`] = `
<div>
  <div
    dir="rtl"
    lang="ur"
  >
    <div
      class="flex flex-col gap-6"
    >
      <div>
        <h1
          class="text-[var(--hv-text-xl)] font-bold text-[var(--hv-color-neutral-900)]"
        >
          خوش آمدید، common.farmer
        </h1>
        <p
          class="text-[var(--hv-text-sm)] text-[var(--hv-color-neutral-500)] mt-1"
        >
          dashboard.summary
        </p>
      </div>
      <div
        class="relative"
      >
        <select
          class="w-full px-3 py-2 pe-10 rounded-[var(--hv-radius-md)] border bg-white text-[var(--hv-text-base)] transition-colors duration-[var(--hv-transition-fast)] focus:outline-none focus:ring-2 focus:ring-[var(--hv-color-primary-500)] focus:border-transparent disabled:bg-[var(--hv-color-neutral-100)] disabled:cursor-not-allowed appearance-none border-[var(--hv-color-neutral-300)] "
        >
          <option
            value="farm-001"
          >
            Green Valley Farm
          </option>
          <option
            value="farm-002"
          >
            Sunrise Fields
          </option>
        </select>
        <svg
          aria-hidden="true"
          class="pointer-events-none absolute top-1/2 end-3 -translate-y-1/2 h-4 w-4 text-[var(--hv-color-neutral-400)]"
          fill="currentColor"
          viewBox="0 0 20 20"
          xmlns="http://www.w3.org/2000/svg"
        >
          <path
            clip-rule="evenodd"
            d="M5.23 7.21a.75.75 0 011.06.02L10 11.168l3.71-3.938a.75.75 0 111.08 1.04l-4.25 4.5a.75.75 0 01-1.08 0l-4.25-4.5a.75.75 0 01.02-1.06z"
            fill-rule="evenodd"
          />
        </svg>
      </div>
      <div
        class="grid grid-cols-2 gap-3"
      >
        <div
          class="bg-white rounded-[var(--hv-radius-lg)] shadow-[var(--hv-shadow-sm)] border border-[var(--hv-color-neutral-200)] p-4 "
        >
          <p
            class="text-[var(--hv-text-xs)] text-[var(--hv-color-neutral-500)]"
          >
            dashboard.totalFarms
          </p>
          <p
            class="text-[var(--hv-text-2xl)] font-bold text-[var(--hv-color-primary-600)]"
          >
            2
          </p>
        </div>
        <div
          class="bg-white rounded-[var(--hv-radius-lg)] shadow-[var(--hv-shadow-sm)] border border-[var(--hv-color-neutral-200)] p-4 "
        >
          <p
            class="text-[var(--hv-text-xs)] text-[var(--hv-color-neutral-500)]"
          >
            الرٹس
          </p>
          <p
            class="text-[var(--hv-text-2xl)] font-bold text-[var(--hv-color-warning-600)]"
          >
            1
          </p>
        </div>
      </div>
      <div
        class="flex flex-wrap gap-2 "
      >
        <span
          class="inline-flex items-center font-medium rounded-[var(--hv-radius-full)] bg-blue-100 text-blue-800 px-2.5 py-1 text-[var(--hv-text-sm)] "
        >
          🌡️ 
          32
          °C
        </span>
        <span
          class="inline-flex items-center font-medium rounded-[var(--hv-radius-full)] bg-blue-100 text-blue-800 px-2.5 py-1 text-[var(--hv-text-sm)] "
        >
          💧 
          65
          % humidity
        </span>
        <span
          class="inline-flex items-center font-medium rounded-[var(--hv-radius-full)] bg-blue-100 text-blue-800 px-2.5 py-1 text-[var(--hv-text-sm)] "
        >
          🌧️ 
          20
          % rain
        </span>
        <span
          class="inline-flex items-center font-medium rounded-[var(--hv-radius-full)] bg-[var(--hv-color-neutral-100)] text-[var(--hv-color-neutral-600)] px-2.5 py-1 text-[var(--hv-text-sm)] "
        >
          🌱 
          loam
        </span>
        <span
          class="inline-flex items-center font-medium rounded-[var(--hv-radius-full)] bg-[var(--hv-color-neutral-100)] text-[var(--hv-color-neutral-600)] px-2.5 py-1 text-[var(--hv-text-sm)] "
        >
          pH 
          6.8
        </span>
        <span
          class="inline-flex items-center font-medium rounded-[var(--hv-radius-full)] bg-[var(--hv-color-primary-100)] text-[var(--hv-color-primary-800)] px-2.5 py-1 text-[var(--hv-text-sm)] "
        >
          💦 
          tube well
        </span>
        <span
          class="inline-flex items-center font-medium rounded-[var(--hv-radius-full)] bg-green-100 text-green-800 px-2.5 py-1 text-[var(--hv-text-sm)] "
        >
          reliable
        </span>
        <span
          class="inline-flex items-center font-medium rounded-[var(--hv-radius-full)] bg-green-100 text-green-800 px-2.5 py-1 text-[var(--hv-text-sm)] "
        >
          🌿 
          72
          /100
        </span>
      </div>
      <div>
        <h2
          class="text-[var(--hv-text-base)] font-semibold mb-2"
        >
          dashboard.recentAlerts
        </h2>
        <div
          class="flex flex-col gap-3 "
        >
          <div
            class="bg-white rounded-[var(--hv-radius-lg)] shadow-[var(--hv-shadow-sm)] border border-[var(--hv-color-neutral-200)] p-4 "
          >
            <div
              class="flex items-start justify-between gap-3"
            >
              <div
                class="flex-1"
              >
                <div
                  class="flex items-center gap-2 mb-1"
                >
                  <span
                    class="inline-flex items-center font-medium rounded-[var(--hv-radius-full)] bg-amber-100 text-amber-800 px-1.5 py-0.5 text-[var(--hv-text-xs)] "
                  >
                    warning
                  </span>
                  <span
                    class="text-[var(--hv-text-xs)] text-[var(--hv-color-neutral-400)]"
                  >
                    446d ago
                  </span>
                </div>
                <p
                  class="text-[var(--hv-text-sm)]"
                >
                  Aphid detection on Tomato Section. Neighbouring farms report aphid activity.
                </p>
              </div>
              <button
                class="inline-flex items-center justify-center font-medium rounded-[var(--hv-radius-md)] transition-colors duration-[var(--hv-transition-fast)] focus-visible:outline-2 focus-visible:outline-offset-2 focus-visible:outline-[var(--hv-color-primary-500)] disabled:opacity-50 disabled:pointer-events-none text-[var(--hv-color-neutral-600)] hover:bg-[var(--hv-color-neutral-100)] px-3 py-2 min-h-10 text-[var(--hv-text-sm)] "
              >
                Mark read
              </button>
            </div>
          </div>
          <div
            class="bg-white rounded-[var(--hv-radius-lg)] shadow-[var(--hv-shadow-sm)] border border-[var(--hv-color-neutral-200)] p-4 opacity-60"
          >
            <div
              class="flex items-start justify-between gap-3"
            >
              <div
                class="flex-1"
              >
                <div
                  class="flex items-center gap-2 mb-1"
                >
                  <span
                    class="inline-flex items-center font-medium rounded-[var(--hv-radius-full)] bg-blue-100 text-blue-800 px-1.5 py-0.5 text-[var(--hv-text-xs)] "
                  >
                    info
                  </span>
                  <span
                    class="text-[var(--hv-text-xs)] text-[var(--hv-color-neutral-400)]"
                  >
                    447d ago
                  </span>
                </div>
                <p
                  class="text-[var(--hv-text-sm)]"
                >
                  Rain expected in 3 days. Reduce irrigation schedule.
                </p>
              </div>
            </div>
          </div>
        </div>
      </div>
      <div>
        <h2
          class="text-[var(--hv-text-base)] font-semibold mb-2"
        >
          Twin preview
        </h2>
        <div
          class="bg-white rounded-[var(--hv-radius-lg)] shadow-[var(--hv-shadow-sm)] border border-[var(--hv-color-neutral-200)] p-4 "
        >
          <div
            class="w-full"
          >
            <div
              class="flex items-center justify-between mb-2"
            >
              <div
                class="text-[var(--hv-text-xs)] text-[var(--hv-color-neutral-500)]"
              >
                3 areas • 2 zones
              </div>
            </div>
            <svg
              class="w-full h-auto"
              viewBox="0 0 2 2"
            >
              <line
                opacity="0.85"
                stroke="var(--hv-compat-neutral)"
                stroke-dasharray="0.02 0.02"
                stroke-width="0.03"
                x1="0.29"
                x2="0.79"
                y1="1.31"
                y2="1.31"
              />
              <g>
                <rect
                  fill="var(--hv-area-shed)"
                  height="1"
                  opacity="0.18"
                  rx="0.08"
                  ry="0.08"
                  stroke="rgba(17, 24, 39, 0.18)"
                  width="1"
                  x="0"
                  y="0"
                />
                <g
                  transform="translate(0.06, 0.09)"
                >
                  <svg
                    aria-label="Shed"
                    class="w-4 h-4 text-[var(--hv-area-shed)] "
                    fill="currentColor"
                    viewBox="0 0 24 24"
                  >
                    <title>
                      Shed
                    </title>
                    <path
                      d="M3 21V9l9-6 9 6v12H3zm3-2h12V10l-6-4-6 4v9z"
                    />
                  </svg>
                </g>
              </g>
              <g>
                <rect
                  fill="var(--hv-area-greenhouse)"
                  height="1"
                  opacity="0.18"
                  rx="0.08"
                  ry="0.08"
                  stroke="rgba(17, 24, 39, 0.18)"
                  width="1"
                  x="1"
                  y="0"
                />
                <g
                  transform="translate(1.06, 0.09)"
                >
                  <svg
                    aria-label="Greenhouse"
                    class="w-4 h-4 text-[var(--hv-area-greenhouse)] "
                    fill="currentColor"
                    viewBox="0 0 24 24"
                  >
                    <title>
                      Greenhouse
                    </title>
                    <path
                      d="M2 20h20V8l-10-6L2 8v12zm2-2V9l8-5 8 5v9H4z"
                    />
                  </svg>
                </g>
              </g>
              <g>
                <rect
                  fill="var(--hv-area-open-field)"
                  height="1"
                  opacity="0.18"
                  rx="0.08"
                  ry="0.08"
                  stroke="rgba(17, 24, 39, 0.18)"
                  width="1"
                  x="0"
                  y="1"
                />
                <g
                  transform="translate(0.06, 1.09)"
                >
                  <svg
                    aria-label="Open Field"
                    class="w-4 h-4 text-[var(--hv-area-open-field)] "
                    fill="currentColor"
                    viewBox="0 0 24 24"
                  >
                    <title>
                      Open Field
                    </title>
                    <path
                      d="M3 15l5-7 4 5 5-8 4 10H3z"
                    />
                  </svg>
                </g>
                <g
                  style="cursor: default;"
                >
                  <rect
                    fill="white"
                    height="0.4"
                    opacity="0.65"
                    rx="0.06"
                    ry="0.06"
                    stroke="rgba(17, 24, 39, 0.12)"
                    width="0.42"
                    x="0.04"
                    y="1.06"
                  />
                  <text
                    fill="rgba(17, 24, 39, 0.85)"
                    font-size="0.09"
                    x="0.06"
                    y="1.1800000000000002"
                  >
                    Tomato Section
                  </text>
                </g>
                <g
                  style="cursor: default;"
                >
                  <rect
                    fill="white"
                    height="0.4"
                    opacity="0.65"
                    rx="0.06"
                    ry="0.06"
                    stroke="rgba(17, 24, 39, 0.12)"
                    width="0.42"
                    x="0.54"
                    y="1.06"
                  />
                  <text
                    fill="rgba(17, 24, 39, 0.85)"
                    font-size="0.09"
                    x="0.56"
                    y="1.1800000000000002"
                  >
                    Wheat Strip
                  </text>
                </g>
              </g>
            </svg>
          </div>
          <div
            class="mt-3"
          >
            <div
              class="flex flex-wrap gap-2 text-[var(--hv-text-xs)]"
            >
              <span
                class="inline-flex items-center gap-2 px-2 py-1 rounded border border-[var(--hv-color-neutral-200)] bg-white"
              >
                <svg
                  aria-label="Open Field"
                  class="w-4 h-4 text-[var(--hv-area-open-field)] "
                  fill="currentColor"
                  viewBox="0 0 24 24"
                >
                  <title>
                    Open Field
                  </title>
                  <path
                    d="M3 15l5-7 4 5 5-8 4 10H3z"
                  />
                </svg>
                <span>
                  Open Field
                </span>
              </span>
              <span
                class="inline-flex items-center gap-2 px-2 py-1 rounded border border-[var(--hv-color-neutral-200)] bg-white"
              >
                <svg
                  aria-label="Greenhouse"
                  class="w-4 h-4 text-[var(--hv-area-greenhouse)] "
                  fill="currentColor"
                  viewBox="0 0 24 24"
                >
                  <title>
                    Greenhouse
                  </title>
                  <path
                    d="M2 20h20V8l-10-6L2 8v12zm2-2V9l8-5 8 5v9H4z"
                  />
                </svg>
                <span>
                  Greenhouse
                </span>
              </span>
              <span
                class="inline-flex items-center gap-2 px-2 py-1 rounded border border-[var(--hv-color-neutral-200)] bg-white"
              >
                <svg
                  aria-label="Shed"
                  class="w-4 h-4 text-[var(--hv-area-shed)] "
                  fill="currentColor"
                  viewBox="0 0 24 24"
                >
                  <title>
                    Shed
                  </title>
                  <path
                    d="M3 21V9l9-6 9 6v12H3zm3-2h12V10l-6-4-6 4v9z"
                  />
                </svg>
                <span>
                  Shed
                </span>
              </span>
            </div>
          </div>
        </div>
      </div>
      <div>
        <h2
          class="text-[var(--hv-text-base)] font-semibold mb-2"
        >
          Nearby suggestions
        </h2>
        <div
          class="bg-white rounded-[var(--hv-radius-lg)] shadow-[var(--hv-shadow-sm)] border border-[var(--hv-color-neutral-200)] p-4 "
        >
          <div
            class="flex flex-col gap-2"
          >
            <div
              class="bg-white rounded-[var(--hv-radius-lg)] shadow-[var(--hv-shadow-sm)] border border-[var(--hv-color-neutral-200)] p-3 "
            >
              <div
                class="flex items-start justify-between gap-3"
              >
                <div>
                  <p
                    class="font-medium"
                  >
                    Basil
                  </p>
                  <p
                    class="text-[var(--hv-text-xs)] text-[var(--hv-color-neutral-500)] mt-1"
                  >
                    Companion crop for tomatoes, improves flavour and repels pests
                  </p>
                </div>
                <span
                  class="inline-flex items-center font-medium rounded-[var(--hv-radius-full)] bg-green-100 text-green-800 px-1.5 py-0.5 text-[var(--hv-text-xs)] "
                >
                  Community
                </span>
              </div>
              <p
                class="text-[var(--hv-text-xs)] text-[var(--hv-color-neutral-500)] mt-2"
              >
                Signal: 
                78% of nearby farms grow basil with tomatoes
              </p>
            </div>
            <div
              class="bg-white rounded-[var(--hv-radius-lg)] shadow-[var(--hv-shadow-sm)] border border-[var(--hv-color-neutral-200)] p-3 "
            >
              <div
                class="flex items-start justify-between gap-3"
              >
                <div>
                  <p
                    class="font-medium"
                  >
                    Onion
                  </p>
                  <p
                    class="text-[var(--hv-text-xs)] text-[var(--hv-color-neutral-500)] mt-1"
                  >
                    Natural pest deterrent, compatible with current rotation
                  </p>
                </div>
                <span
                  class="inline-flex items-center font-medium rounded-[var(--hv-radius-full)] bg-green-100 text-green-800 px-1.5 py-0.5 text-[var(--hv-text-xs)] "
                >
                  Community
                </span>
              </div>
              <p
                class="text-[var(--hv-text-xs)] text-[var(--hv-color-neutral-500)] mt-2"
              >
                Signal: 
                55% adoption in region
              </p>
            </div>
          </div>
        </div>
      </div>
    </div>
  </div>
</div>
`;

exports[`RTL snapshot tests (Urdu) > PlanPage snapshot 1`] = `
<div>
  <div
    dir="rtl"
    lang="ur"
  >
    <div
      class="flex flex-col items-center justify-center py-12 px-4 text-center "
    >
      <div
        class="mb-4 text-[var(--hv-color-danger-500)]"
      >
        <svg
          class="w-16 h-16"
          fill="none"
          stroke="currentColor"
          stroke-width="1"
          viewBox="0 0 24 24"
        >
          <path
            d="M12 9v2m0 4h.01m-6.938 4h13.856c1.54 0 2.502-1.667 1.732-2.5L13.732 4c-.77-.833-1.964-.833-2.732 0L4.082 16.5c-.77.833.192 2.5 1.732 2.5z"
            stroke-linecap="round"
            stroke-linejoin="round"
          />
        </svg>
      </div>
      <h3
        class="text-[var(--hv-text-lg)] font-semibold text-[var(--hv-color-neutral-700)] mb-1"
      >
        Something went wrong
      </h3>
      <p
        class="text-[var(--hv-text-sm)] text-[var(--hv-color-neutral-500)] max-w-sm mb-4"
      >
        No farm selected
      </p>
      <div
        class="flex gap-3"
      >
        <button
          class="inline-flex items-center justify-center font-medium rounded-[var(--hv-radius-md)] transition-colors duration-[var(--hv-transition-fast)] focus-visible:outline-2 focus-visible:outline-offset-2 focus-visible:outline-[var(--hv-color-primary-500)] disabled:opacity-50 disabled:pointer-events-none bg-[var(--hv-color-primary-600)] text-white hover:bg-[var(--hv-color-primary-700)] active:bg-[var(--hv-color-primary-800)] px-4 py-2 text-[var(--hv-text-base)] "
        >
          Try again
        </button>
      </div>
    </div>
  </div>
</div>
`;
